Archive member included to satisfy reference by file (symbol)

/usr/lib/gcc/arm-none-eabi/9.2.1/../../../arm-none-eabi/lib/thumb/v7-m/nofp/libg.a(lib_a-atexit.o)
                              /usr/lib/gcc/arm-none-eabi/9.2.1/../../../arm-none-eabi/lib/thumb/v7-m/nofp/crt0.o (atexit)
/usr/lib/gcc/arm-none-eabi/9.2.1/../../../arm-none-eabi/lib/thumb/v7-m/nofp/libg.a(lib_a-errno.o)
                              CMakeFiles/Project_KURS.elf.dir/Core/Src/syscalls.c.obj (__errno)
/usr/lib/gcc/arm-none-eabi/9.2.1/../../../arm-none-eabi/lib/thumb/v7-m/nofp/libg.a(lib_a-exit.o)
                              /usr/lib/gcc/arm-none-eabi/9.2.1/../../../arm-none-eabi/lib/thumb/v7-m/nofp/crt0.o (exit)
/usr/lib/gcc/arm-none-eabi/9.2.1/../../../arm-none-eabi/lib/thumb/v7-m/nofp/libg.a(lib_a-fini.o)
                              /usr/lib/gcc/arm-none-eabi/9.2.1/../../../arm-none-eabi/lib/thumb/v7-m/nofp/crt0.o (__libc_fini_array)
/usr/lib/gcc/arm-none-eabi/9.2.1/../../../arm-none-eabi/lib/thumb/v7-m/nofp/libg.a(lib_a-impure.o)
                              /usr/lib/gcc/arm-none-eabi/9.2.1/../../../arm-none-eabi/lib/thumb/v7-m/nofp/libg.a(lib_a-exit.o) (_global_impure_ptr)
/usr/lib/gcc/arm-none-eabi/9.2.1/../../../arm-none-eabi/lib/thumb/v7-m/nofp/libg.a(lib_a-init.o)
                              /usr/lib/gcc/arm-none-eabi/9.2.1/../../../arm-none-eabi/lib/thumb/v7-m/nofp/crt0.o (__libc_init_array)
/usr/lib/gcc/arm-none-eabi/9.2.1/../../../arm-none-eabi/lib/thumb/v7-m/nofp/libg.a(lib_a-memset.o)
                              /usr/lib/gcc/arm-none-eabi/9.2.1/../../../arm-none-eabi/lib/thumb/v7-m/nofp/crt0.o (memset)
/usr/lib/gcc/arm-none-eabi/9.2.1/../../../arm-none-eabi/lib/thumb/v7-m/nofp/libg.a(lib_a-__atexit.o)
                              /usr/lib/gcc/arm-none-eabi/9.2.1/../../../arm-none-eabi/lib/thumb/v7-m/nofp/libg.a(lib_a-atexit.o) (__register_exitproc)
/usr/lib/gcc/arm-none-eabi/9.2.1/../../../arm-none-eabi/lib/thumb/v7-m/nofp/libg.a(lib_a-__call_atexit.o)
                              /usr/lib/gcc/arm-none-eabi/9.2.1/../../../arm-none-eabi/lib/thumb/v7-m/nofp/libg.a(lib_a-exit.o) (__call_exitprocs)

Discarded input sections

 .text          0x0000000000000000        0x0 /usr/lib/gcc/arm-none-eabi/9.2.1/thumb/v7-m/nofp/crti.o
 .data          0x0000000000000000        0x0 /usr/lib/gcc/arm-none-eabi/9.2.1/thumb/v7-m/nofp/crti.o
 .bss           0x0000000000000000        0x0 /usr/lib/gcc/arm-none-eabi/9.2.1/thumb/v7-m/nofp/crti.o
 .data          0x0000000000000000        0x4 /usr/lib/gcc/arm-none-eabi/9.2.1/thumb/v7-m/nofp/crtbegin.o
 .text          0x0000000000000000       0x70 /usr/lib/gcc/arm-none-eabi/9.2.1/../../../arm-none-eabi/lib/thumb/v7-m/nofp/crt0.o
 .data          0x0000000000000000        0x0 /usr/lib/gcc/arm-none-eabi/9.2.1/../../../arm-none-eabi/lib/thumb/v7-m/nofp/crt0.o
 .bss           0x0000000000000000        0x0 /usr/lib/gcc/arm-none-eabi/9.2.1/../../../arm-none-eabi/lib/thumb/v7-m/nofp/crt0.o
 .ARM.extab     0x0000000000000000        0x0 /usr/lib/gcc/arm-none-eabi/9.2.1/../../../arm-none-eabi/lib/thumb/v7-m/nofp/crt0.o
 .ARM.exidx     0x0000000000000000       0x10 /usr/lib/gcc/arm-none-eabi/9.2.1/../../../arm-none-eabi/lib/thumb/v7-m/nofp/crt0.o
 .debug_line    0x0000000000000000       0x87 /usr/lib/gcc/arm-none-eabi/9.2.1/../../../arm-none-eabi/lib/thumb/v7-m/nofp/crt0.o
 .debug_info    0x0000000000000000       0x26 /usr/lib/gcc/arm-none-eabi/9.2.1/../../../arm-none-eabi/lib/thumb/v7-m/nofp/crt0.o
 .debug_abbrev  0x0000000000000000       0x14 /usr/lib/gcc/arm-none-eabi/9.2.1/../../../arm-none-eabi/lib/thumb/v7-m/nofp/crt0.o
 .debug_aranges
                0x0000000000000000       0x20 /usr/lib/gcc/arm-none-eabi/9.2.1/../../../arm-none-eabi/lib/thumb/v7-m/nofp/crt0.o
 .debug_str     0x0000000000000000       0x94 /usr/lib/gcc/arm-none-eabi/9.2.1/../../../arm-none-eabi/lib/thumb/v7-m/nofp/crt0.o
 .ARM.attributes
                0x0000000000000000       0x1b /usr/lib/gcc/arm-none-eabi/9.2.1/../../../arm-none-eabi/lib/thumb/v7-m/nofp/crt0.o
 .text          0x0000000000000000        0x0 CMakeFiles/Project_KURS.elf.dir/Core/Src/main.c.obj
 .data          0x0000000000000000        0x0 CMakeFiles/Project_KURS.elf.dir/Core/Src/main.c.obj
 .bss           0x0000000000000000        0x0 CMakeFiles/Project_KURS.elf.dir/Core/Src/main.c.obj
 .data.k        0x0000000000000000        0x4 CMakeFiles/Project_KURS.elf.dir/Core/Src/main.c.obj
 .data.time     0x0000000000000000        0x4 CMakeFiles/Project_KURS.elf.dir/Core/Src/main.c.obj
 .text          0x0000000000000000        0x0 CMakeFiles/Project_KURS.elf.dir/Core/Src/stm32f1xx_hal_msp.c.obj
 .data          0x0000000000000000        0x0 CMakeFiles/Project_KURS.elf.dir/Core/Src/stm32f1xx_hal_msp.c.obj
 .bss           0x0000000000000000        0x0 CMakeFiles/Project_KURS.elf.dir/Core/Src/stm32f1xx_hal_msp.c.obj
 .text          0x0000000000000000        0x0 CMakeFiles/Project_KURS.elf.dir/Core/Src/stm32f1xx_it.c.obj
[...]
Memory Configuration

Name             Origin             Length             Attributes
RAM              0x0000000020000000 0x0000000000005000 xrw
FLASH            0x0000000008000000 0x0000000000010000 xr
*default*        0x0000000000000000 0xffffffffffffffff

Linker script and memory map

LOAD /usr/lib/gcc/arm-none-eabi/9.2.1/thumb/v7-m/nofp/crti.o
LOAD /usr/lib/gcc/arm-none-eabi/9.2.1/thumb/v7-m/nofp/crtbegin.o
LOAD /usr/lib/gcc/arm-none-eabi/9.2.1/../../../arm-none-eabi/lib/thumb/v7-m/nofp/crt0.o
LOAD CMakeFiles/Project_KURS.elf.dir/Core/Src/main.c.obj
LOAD CMakeFiles/Project_KURS.elf.dir/Core/Src/stm32f1xx_hal_msp.c.obj
LOAD CMakeFiles/Project_KURS.elf.dir/Core/Src/stm32f1xx_it.c.obj
LOAD CMakeFiles/Project_KURS.elf.dir/Core/Src/syscalls.c.obj
LOAD CMakeFiles/Project_KURS.elf.dir/Core/Src/sysmem.c.obj
LOAD CMakeFiles/Project_KURS.elf.dir/Core/Src/system_stm32f1xx.c.obj
LOAD CMakeFiles/Project_KURS.elf.dir/Core/Startup/startup_stm32f103c8tx.s.obj
LOAD CMakeFiles/Project_KURS.elf.dir/Drivers/STM32F1xx_HAL_Driver/Src/stm32f1xx_hal.c.obj
LOAD CMakeFiles/Project_KURS.elf.dir/Drivers/STM32F1xx_HAL_Driver/Src/stm32f1xx_hal_cortex.c.obj
LOAD CMakeFiles/Project_KURS.elf.dir/Drivers/STM32F1xx_HAL_Driver/Src/stm32f1xx_hal_dma.c.obj
LOAD CMakeFiles/Project_KURS.elf.dir/Drivers/STM32F1xx_HAL_Driver/Src/stm32f1xx_hal_exti.c.obj
LOAD CMakeFiles/Project_KURS.elf.dir/Drivers/STM32F1xx_HAL_Driver/Src/stm32f1xx_hal_flash.c.obj
LOAD CMakeFiles/Project_KURS.elf.dir/Drivers/STM32F1xx_HAL_Driver/Src/stm32f1xx_hal_flash_ex.c.obj
LOAD CMakeFiles/Project_KURS.elf.dir/Drivers/STM32F1xx_HAL_Driver/Src/stm32f1xx_hal_gpio.c.obj
LOAD CMakeFiles/Project_KURS.elf.dir/Drivers/STM32F1xx_HAL_Driver/Src/stm32f1xx_hal_gpio_ex.c.obj
LOAD CMakeFiles/Project_KURS.elf.dir/Drivers/STM32F1xx_HAL_Driver/Src/stm32f1xx_hal_pwr.c.obj
LOAD CMakeFiles/Project_KURS.elf.dir/Drivers/STM32F1xx_HAL_Driver/Src/stm32f1xx_hal_rcc.c.obj
LOAD CMakeFiles/Project_KURS.elf.dir/Drivers/STM32F1xx_HAL_Driver/Src/stm32f1xx_hal_rcc_ex.c.obj
LOAD CMakeFiles/Project_KURS.elf.dir/Drivers/STM32F1xx_HAL_Driver/Src/stm32f1xx_hal_tim.c.obj
LOAD CMakeFiles/Project_KURS.elf.dir/Drivers/STM32F1xx_HAL_Driver/Src/stm32f1xx_hal_tim_ex.c.obj
START GROUP
LOAD /usr/lib/gcc/arm-none-eabi/9.2.1/thumb/v7-m/nofp/libgcc.a
LOAD /usr/lib/gcc/arm-none-eabi/9.2.1/../../../arm-none-eabi/lib/thumb/v7-m/nofp/libg.a
LOAD /usr/lib/gcc/arm-none-eabi/9.2.1/../../../arm-none-eabi/lib/thumb/v7-m/nofp/libc.a
END GROUP
LOAD /usr/lib/gcc/arm-none-eabi/9.2.1/thumb/v7-m/nofp/crtend.o
LOAD /usr/lib/gcc/arm-none-eabi/9.2.1/thumb/v7-m/nofp/crtn.o
                0x0000000020005000                _estack = (ORIGIN (RAM) + LENGTH (RAM))
                0x0000000000000200                _Min_Heap_Size = 0x200
                0x0000000000000400                _Min_Stack_Size = 0x400

.isr_vector     0x0000000008000000      0x10c
                0x0000000008000000                . = ALIGN (0x4)
 *(.isr_vector)
 .isr_vector    0x0000000008000000      0x10c CMakeFiles/Project_KURS.elf.dir/Core/Startup/startup_stm32f103c8tx.s.obj
                0x0000000008000000                g_pfnVectors
                0x000000000800010c                . = ALIGN (0x4)

.text           0x000000000800010c      0xe3c
                0x000000000800010c                . = ALIGN (0x4)
 *(.text)
 .text          0x000000000800010c       0x88 /usr/lib/gcc/arm-none-eabi/9.2.1/thumb/v7-m/nofp/crtbegin.o
 .text          0x0000000008000194        0xc /usr/lib/gcc/arm-none-eabi/9.2.1/../../../arm-none-eabi/lib/thumb/v7-m/nofp/libg.a(lib_a-atexit.o)
                0x0000000008000194                atexit
 .text          0x00000000080001a0       0x34 /usr/lib/gcc/arm-none-eabi/9.2.1/../../../arm-none-eabi/lib/thumb/v7-m/nofp/libg.a(lib_a-fini.o)
                0x00000000080001a0                __libc_fini_array
 .text          0x00000000080001d4       0x48 /usr/lib/gcc/arm-none-eabi/9.2.1/../../../arm-none-eabi/lib/thumb/v7-m/nofp/libg.a(lib_a-init.o)
                0x00000000080001d4                __libc_init_array
 .text          0x000000000800021c       0x64 /usr/lib/gcc/arm-none-eabi/9.2.1/../../../arm-none-eabi/lib/thumb/v7-m/nofp/libg.a(lib_a-__atexit.o)
                0x000000000800021c                __register_exitproc
 *(.text*)
 .text.MX_GPIO_Init
                0x0000000008000280       0xb8 CMakeFiles/Project_KURS.elf.dir/Core/Src/main.c.obj
 .text.HAL_GPIO_EXTI_Callback
                0x0000000008000338       0x74 CMakeFiles/Project_KURS.elf.dir/Core/Src/main.c.obj
                0x0000000008000338                HAL_GPIO_EXTI_Callback
 .text.Error_Handler
                0x00000000080003ac        0x4 CMakeFiles/Project_KURS.elf.dir/Core/Src/main.c.obj
                0x00000000080003ac                Error_Handler
 .text.SystemClock_Config
                0x00000000080003b0       0x62 CMakeFiles/Project_KURS.elf.dir/Core/Src/main.c.obj
                0x00000000080003b0                SystemClock_Config
 *fill*         0x0000000008000412        0x2 
 .text.main     0x0000000008000414       0x3c CMakeFiles/Project_KURS.elf.dir/Core/Src/main.c.obj
                0x0000000008000414                main
 .text.HAL_MspInit
                0x0000000008000450       0x44 CMakeFiles/Project_KURS.elf.dir/Core/Src/stm32f1xx_hal_msp.c.obj
                0x0000000008000450                HAL_MspInit
 .text.NMI_Handler
                0x0000000008000494        0x2 CMakeFiles/Project_KURS.elf.dir/Core/Src/stm32f1xx_it.c.obj
                0x0000000008000494                NMI_Handler
 .text.HardFault_Handler
                0x0000000008000496        0x2 CMakeFiles/Project_KURS.elf.dir/Core/Src/stm32f1xx_it.c.obj
                0x0000000008000496                HardFault_Handler
 .text.MemManage_Handler
                0x0000000008000498        0x2 CMakeFiles/Project_KURS.elf.dir/Core/Src/stm32f1xx_it.c.obj
                0x0000000008000498                MemManage_Handler
 .text.BusFault_Handler
                0x000000000800049a        0x2 CMakeFiles/Project_KURS.elf.dir/Core/Src/stm32f1xx_it.c.obj
                0x000000000800049a                BusFault_Handler
 .text.UsageFault_Handler
                0x000000000800049c        0x2 CMakeFiles/Project_KURS.elf.dir/Core/Src/stm32f1xx_it.c.obj
                0x000000000800049c                UsageFault_Handler
 .text.SVC_Handler
                0x000000000800049e        0x2 CMakeFiles/Project_KURS.elf.dir/Core/Src/stm32f1xx_it.c.obj
                0x000000000800049e                SVC_Handler
 .text.DebugMon_Handler
                0x00000000080004a0        0x2 CMakeFiles/Project_KURS.elf.dir/Core/Src/stm32f1xx_it.c.obj
                0x00000000080004a0                DebugMon_Handler
 .text.PendSV_Handler
                0x00000000080004a2        0x2 CMakeFiles/Project_KURS.elf.dir/Core/Src/stm32f1xx_it.c.obj
                0x00000000080004a2                PendSV_Handler
 .text.SysTick_Handler
                0x00000000080004a4        0x8 CMakeFiles/Project_KURS.elf.dir/Core/Src/stm32f1xx_it.c.obj
                0x00000000080004a4                SysTick_Handler
 .text.EXTI15_10_IRQHandler
                0x00000000080004ac       0x24 CMakeFiles/Project_KURS.elf.dir/Core/Src/stm32f1xx_it.c.obj
                0x00000000080004ac                EXTI15_10_IRQHandler
 .text.SystemInit
                0x00000000080004d0        0x2 CMakeFiles/Project_KURS.elf.dir/Core/Src/system_stm32f1xx.c.obj
                0x00000000080004d0                SystemInit
 *fill*         0x00000000080004d2        0x2 
 .text.Reset_Handler
                0x00000000080004d4       0x48 CMakeFiles/Project_KURS.elf.dir/Core/Startup/startup_stm32f103c8tx.s.obj
                0x00000000080004d4                Reset_Handler
 .text.Default_Handler
                0x000000000800051c        0x2 CMakeFiles/Project_KURS.elf.dir/Core/Startup/startup_stm32f103c8tx.s.obj
                0x000000000800051c                RTC_Alarm_IRQHandler
                0x000000000800051c                EXTI2_IRQHandler
                0x000000000800051c                TIM1_CC_IRQHandler
                0x000000000800051c                PVD_IRQHandler
                0x000000000800051c                EXTI3_IRQHandler
                0x000000000800051c                EXTI0_IRQHandler
                0x000000000800051c                I2C2_EV_IRQHandler
                0x000000000800051c                ADC1_2_IRQHandler
                0x000000000800051c                SPI1_IRQHandler
                0x000000000800051c                TAMPER_IRQHandler
                0x000000000800051c                DMA1_Channel4_IRQHandler
                0x000000000800051c                USART3_IRQHandler
                0x000000000800051c                RTC_IRQHandler
                0x000000000800051c                DMA1_Channel7_IRQHandler
                0x000000000800051c                CAN1_RX1_IRQHandler
                0x000000000800051c                TIM4_IRQHandler
                0x000000000800051c                I2C1_EV_IRQHandler
                0x000000000800051c                DMA1_Channel6_IRQHandler
                0x000000000800051c                TIM3_IRQHandler
                0x000000000800051c                RCC_IRQHandler
                0x000000000800051c                TIM1_TRG_COM_IRQHandler
                0x000000000800051c                DMA1_Channel1_IRQHandler
                0x000000000800051c                Default_Handler
                0x000000000800051c                EXTI9_5_IRQHandler
                0x000000000800051c                SPI2_IRQHandler
                0x000000000800051c                DMA1_Channel5_IRQHandler
                0x000000000800051c                EXTI4_IRQHandler
                0x000000000800051c                USB_LP_CAN1_RX0_IRQHandler
                0x000000000800051c                USB_HP_CAN1_TX_IRQHandler
                0x000000000800051c                DMA1_Channel3_IRQHandler
                0x000000000800051c                TIM1_UP_IRQHandler
                0x000000000800051c                WWDG_IRQHandler
                0x000000000800051c                TIM2_IRQHandler
                0x000000000800051c                TIM1_BRK_IRQHandler
                0x000000000800051c                EXTI1_IRQHandler
                0x000000000800051c                USART2_IRQHandler
                0x000000000800051c                I2C2_ER_IRQHandler
                0x000000000800051c                DMA1_Channel2_IRQHandler
                0x000000000800051c                CAN1_SCE_IRQHandler
                0x000000000800051c                FLASH_IRQHandler
                0x000000000800051c                USART1_IRQHandler
                0x000000000800051c                I2C1_ER_IRQHandler
                0x000000000800051c                USBWakeUp_IRQHandler
 *fill*         0x000000000800051e        0x2 
 .text.HAL_InitTick
                0x0000000008000520       0x4c CMakeFiles/Project_KURS.elf.dir/Drivers/STM32F1xx_HAL_Driver/Src/stm32f1xx_hal.c.obj
                0x0000000008000520                HAL_InitTick
 .text.HAL_Init
                0x000000000800056c       0x24 CMakeFiles/Project_KURS.elf.dir/Drivers/STM32F1xx_HAL_Driver/Src/stm32f1xx_hal.c.obj
                0x000000000800056c                HAL_Init
 .text.HAL_IncTick
                0x0000000008000590       0x18 CMakeFiles/Project_KURS.elf.dir/Drivers/STM32F1xx_HAL_Driver/Src/stm32f1xx_hal.c.obj
                0x0000000008000590                HAL_IncTick
 .text.HAL_GetTick
                0x00000000080005a8        0xc CMakeFiles/Project_KURS.elf.dir/Drivers/STM32F1xx_HAL_Driver/Src/stm32f1xx_hal.c.obj
                0x00000000080005a8                HAL_GetTick
 .text.HAL_Delay
                0x00000000080005b4       0x28 CMakeFiles/Project_KURS.elf.dir/Drivers/STM32F1xx_HAL_Driver/Src/stm32f1xx_hal.c.obj
                0x00000000080005b4                HAL_Delay
 .text.HAL_NVIC_SetPriorityGrouping
                0x00000000080005dc       0x24 CMakeFiles/Project_KURS.elf.dir/Drivers/STM32F1xx_HAL_Driver/Src/stm32f1xx_hal_cortex.c.obj
                0x00000000080005dc                HAL_NVIC_SetPriorityGrouping
 .text.HAL_NVIC_SetPriority
                0x0000000008000600       0x68 CMakeFiles/Project_KURS.elf.dir/Drivers/STM32F1xx_HAL_Driver/Src/stm32f1xx_hal_cortex.c.obj
                0x0000000008000600                HAL_NVIC_SetPriority
 .text.HAL_NVIC_EnableIRQ
                0x0000000008000668       0x1c CMakeFiles/Project_KURS.elf.dir/Drivers/STM32F1xx_HAL_Driver/Src/stm32f1xx_hal_cortex.c.obj
                0x0000000008000668                HAL_NVIC_EnableIRQ
 .text.HAL_SYSTICK_Config
                0x0000000008000684       0x2c CMakeFiles/Project_KURS.elf.dir/Drivers/STM32F1xx_HAL_Driver/Src/stm32f1xx_hal_cortex.c.obj
                0x0000000008000684                HAL_SYSTICK_Config
 .text.HAL_GPIO_Init
                0x00000000080006b0      0x220 CMakeFiles/Project_KURS.elf.dir/Drivers/STM32F1xx_HAL_Driver/Src/stm32f1xx_hal_gpio.c.obj
                0x00000000080006b0                HAL_GPIO_Init
 .text.HAL_GPIO_ReadPin
                0x00000000080008d0        0xe CMakeFiles/Project_KURS.elf.dir/Drivers/STM32F1xx_HAL_Driver/Src/stm32f1xx_hal_gpio.c.obj
                0x00000000080008d0                HAL_GPIO_ReadPin
 .text.HAL_GPIO_WritePin
                0x00000000080008de        0xc CMakeFiles/Project_KURS.elf.dir/Drivers/STM32F1xx_HAL_Driver/Src/stm32f1xx_hal_gpio.c.obj
                0x00000000080008de                HAL_GPIO_WritePin
 *fill*         0x00000000080008ea        0x2 
 .text.HAL_GPIO_EXTI_IRQHandler
                0x00000000080008ec       0x1c CMakeFiles/Project_KURS.elf.dir/Drivers/STM32F1xx_HAL_Driver/Src/stm32f1xx_hal_gpio.c.obj
                0x00000000080008ec                HAL_GPIO_EXTI_IRQHandler
 .text.RCC_Delay
                0x0000000008000908       0x2c CMakeFiles/Project_KURS.elf.dir/Drivers/STM32F1xx_HAL_Driver/Src/stm32f1xx_hal_rcc.c.obj
 .text.HAL_RCC_OscConfig
                0x0000000008000934      0x410 CMakeFiles/Project_KURS.elf.dir/Drivers/STM32F1xx_HAL_Driver/Src/stm32f1xx_hal_rcc.c.obj
                0x0000000008000934                HAL_RCC_OscConfig
 .text.HAL_RCC_GetSysClockFreq
                0x0000000008000d44       0x6c CMakeFiles/Project_KURS.elf.dir/Drivers/STM32F1xx_HAL_Driver/Src/stm32f1xx_hal_rcc.c.obj
                0x0000000008000d44                HAL_RCC_GetSysClockFreq
 .text.HAL_RCC_ClockConfig
                0x0000000008000db0      0x16c CMakeFiles/Project_KURS.elf.dir/Drivers/STM32F1xx_HAL_Driver/Src/stm32f1xx_hal_rcc.c.obj
                0x0000000008000db0                HAL_RCC_ClockConfig
 .text.startup  0x0000000008000f1c       0x14 /usr/lib/gcc/arm-none-eabi/9.2.1/../../../arm-none-eabi/lib/thumb/v7-m/nofp/libg.a(lib_a-__call_atexit.o)
 *(.glue_7)
 .glue_7        0x0000000008000f30        0x0 linker stubs
 *(.glue_7t)
 .glue_7t       0x0000000008000f30        0x0 linker stubs
 *(.eh_frame)
 .eh_frame      0x0000000008000f30        0x0 /usr/lib/gcc/arm-none-eabi/9.2.1/thumb/v7-m/nofp/crtbegin.o
 *(.init)
 .init          0x0000000008000f30        0x4 /usr/lib/gcc/arm-none-eabi/9.2.1/thumb/v7-m/nofp/crti.o
                0x0000000008000f30                _init
 .init          0x0000000008000f34        0x8 /usr/lib/gcc/arm-none-eabi/9.2.1/thumb/v7-m/nofp/crtn.o
 *(.fini)
 .fini          0x0000000008000f3c        0x4 /usr/lib/gcc/arm-none-eabi/9.2.1/thumb/v7-m/nofp/crti.o
                0x0000000008000f3c                _fini
 .fini          0x0000000008000f40        0x8 /usr/lib/gcc/arm-none-eabi/9.2.1/thumb/v7-m/nofp/crtn.o
                0x0000000008000f48                . = ALIGN (0x4)
                0x0000000008000f48                _etext = .

.vfp11_veneer   0x0000000008000f48        0x0
 .vfp11_veneer  0x0000000008000f48        0x0 linker stubs

.v4_bx          0x0000000008000f48        0x0
 .v4_bx         0x0000000008000f48        0x0 linker stubs

.iplt           0x0000000008000f48        0x0
 .iplt          0x0000000008000f48        0x0 /usr/lib/gcc/arm-none-eabi/9.2.1/thumb/v7-m/nofp/crtbegin.o

.rodata         0x0000000008000f48       0x28
                0x0000000008000f48                . = ALIGN (0x4)
 *(.rodata)
 .rodata        0x0000000008000f48        0x4 /usr/lib/gcc/arm-none-eabi/9.2.1/../../../arm-none-eabi/lib/thumb/v7-m/nofp/libg.a(lib_a-impure.o)
                0x0000000008000f48                _global_impure_ptr
 *(.rodata*)
 .rodata.AHBPrescTable
                0x0000000008000f4c       0x10 CMakeFiles/Project_KURS.elf.dir/Core/Src/system_stm32f1xx.c.obj
                0x0000000008000f4c                AHBPrescTable
 .rodata.HAL_RCC_GetSysClockFreq.str1.4
                0x0000000008000f5c       0x11 CMakeFiles/Project_KURS.elf.dir/Drivers/STM32F1xx_HAL_Driver/Src/stm32f1xx_hal_rcc.c.obj
                0x0000000008000f70                . = ALIGN (0x4)
 *fill*         0x0000000008000f6d        0x3 

.rel.dyn        0x0000000008000f70        0x0
 .rel.iplt      0x0000000008000f70        0x0 /usr/lib/gcc/arm-none-eabi/9.2.1/thumb/v7-m/nofp/crtbegin.o

.ARM.extab      0x0000000008000f70        0x0
                0x0000000008000f70                . = ALIGN (0x4)
 *(.ARM.extab* .gnu.linkonce.armextab.*)
                0x0000000008000f70                . = ALIGN (0x4)

.ARM            0x0000000008000f70        0x0
                0x0000000008000f70                . = ALIGN (0x4)
                0x0000000008000f70                __exidx_start = .
 *(.ARM.exidx*)
                0x0000000008000f70                __exidx_end = .
                0x0000000008000f70                . = ALIGN (0x4)

.preinit_array  0x0000000008000f70        0x0
                0x0000000008000f70                . = ALIGN (0x4)
                0x0000000008000f70                PROVIDE (__preinit_array_start = .)
 *(.preinit_array*)
                0x0000000008000f70                PROVIDE (__preinit_array_end = .)
                0x0000000008000f70                . = ALIGN (0x4)

.init_array     0x0000000008000f70        0x8
                0x0000000008000f70                . = ALIGN (0x4)
                0x0000000008000f70                PROVIDE (__init_array_start = .)
 *(SORT_BY_NAME(.init_array.*))
 .init_array.00000
                0x0000000008000f70        0x4 /usr/lib/gcc/arm-none-eabi/9.2.1/../../../arm-none-eabi/lib/thumb/v7-m/nofp/libg.a(lib_a-__call_atexit.o)
 *(.init_array*)
 .init_array    0x0000000008000f74        0x4 /usr/lib/gcc/arm-none-eabi/9.2.1/thumb/v7-m/nofp/crtbegin.o
                0x0000000008000f78                PROVIDE (__init_array_end = .)
                0x0000000008000f78                . = ALIGN (0x4)

.fini_array     0x0000000008000f78        0x4
                0x0000000008000f78                . = ALIGN (0x4)
                0x0000000008000f78                PROVIDE (__fini_array_start = .)
 *(SORT_BY_NAME(.fini_array.*))
 *(.fini_array*)
 .fini_array    0x0000000008000f78        0x4 /usr/lib/gcc/arm-none-eabi/9.2.1/thumb/v7-m/nofp/crtbegin.o
                0x0000000008000f7c                PROVIDE (__fini_array_end = .)
                0x0000000008000f7c                . = ALIGN (0x4)
                0x0000000008000f7c                _sidata = LOADADDR (.data)

.data           0x0000000020000000      0x43c load address 0x0000000008000f7c
                0x0000000020000000                . = ALIGN (0x4)
                0x0000000020000000                _sdata = .
 *(.data)
 .data          0x0000000020000000      0x430 /usr/lib/gcc/arm-none-eabi/9.2.1/../../../arm-none-eabi/lib/thumb/v7-m/nofp/libg.a(lib_a-impure.o)
                0x0000000020000000                _impure_ptr
 *(.data*)
 .data.SystemCoreClock
                0x0000000020000430        0x4 CMakeFiles/Project_KURS.elf.dir/Core/Src/system_stm32f1xx.c.obj
                0x0000000020000430                SystemCoreClock
 .data.uwTickFreq
                0x0000000020000434        0x1 CMakeFiles/Project_KURS.elf.dir/Drivers/STM32F1xx_HAL_Driver/Src/stm32f1xx_hal.c.obj
                0x0000000020000434                uwTickFreq
 *fill*         0x0000000020000435        0x3 
 .data.uwTickPrio
                0x0000000020000438        0x4 CMakeFiles/Project_KURS.elf.dir/Drivers/STM32F1xx_HAL_Driver/Src/stm32f1xx_hal.c.obj
                0x0000000020000438                uwTickPrio
 *(.RamFunc)
 *(.RamFunc*)
                0x000000002000043c                . = ALIGN (0x4)
                0x000000002000043c                _edata = .

.tm_clone_table
                0x000000002000043c        0x0 load address 0x00000000080013b8
 .tm_clone_table
                0x000000002000043c        0x0 /usr/lib/gcc/arm-none-eabi/9.2.1/thumb/v7-m/nofp/crtbegin.o
 .tm_clone_table
                0x000000002000043c        0x0 /usr/lib/gcc/arm-none-eabi/9.2.1/thumb/v7-m/nofp/crtend.o

.igot.plt       0x000000002000043c        0x0 load address 0x00000000080013b8
 .igot.plt      0x000000002000043c        0x0 /usr/lib/gcc/arm-none-eabi/9.2.1/thumb/v7-m/nofp/crtbegin.o
                0x000000002000043c                . = ALIGN (0x4)

.bss            0x000000002000043c       0x20 load address 0x00000000080013b8
                0x000000002000043c                _sbss = .
                0x000000002000043c                __bss_start__ = _sbss
 *(.bss)
 .bss           0x000000002000043c       0x1c /usr/lib/gcc/arm-none-eabi/9.2.1/thumb/v7-m/nofp/crtbegin.o
 *(.bss*)
 .bss.uwTick    0x0000000020000458        0x4 CMakeFiles/Project_KURS.elf.dir/Drivers/STM32F1xx_HAL_Driver/Src/stm32f1xx_hal.c.obj
                0x0000000020000458                uwTick
 *(COMMON)
                0x000000002000045c                . = ALIGN (0x4)
                0x000000002000045c                _ebss = .
                0x000000002000045c                __bss_end__ = _ebss

._user_heap_stack
                0x000000002000045c      0x604 load address 0x00000000080013b8
                0x0000000020000460                . = ALIGN (0x8)
 *fill*         0x000000002000045c        0x4 
                [!provide]                        PROVIDE (end = .)
                0x0000000020000460                PROVIDE (_end = .)
                0x0000000020000660                . = (. + _Min_Heap_Size)
 *fill*         0x0000000020000460      0x200 
                0x0000000020000a60                . = (. + _Min_Stack_Size)
 *fill*         0x0000000020000660      0x400 
                0x0000000020000a60                . = ALIGN (0x8)

/DISCARD/
 libc.a(*)
 libm.a(*)
 libgcc.a(*)

.ARM.attributes
                0x0000000000000000       0x29
 *(.ARM.attributes)
 .ARM.attributes
                0x0000000000000000       0x1d /usr/lib/gcc/arm-none-eabi/9.2.1/thumb/v7-m/nofp/crti.o
 .ARM.attributes
                0x000000000000001d       0x2d /usr/lib/gcc/arm-none-eabi/9.2.1/thumb/v7-m/nofp/crtbegin.o
 .ARM.attributes
                0x000000000000004a       0x2d CMakeFiles/Project_KURS.elf.dir/Core/Src/main.c.obj
 .ARM.attributes
                0x0000000000000077       0x2d CMakeFiles/Project_KURS.elf.dir/Core/Src/stm32f1xx_hal_msp.c.obj
 .ARM.attributes
                0x00000000000000a4       0x2d CMakeFiles/Project_KURS.elf.dir/Core/Src/stm32f1xx_it.c.obj
 .ARM.attributes
                0x00000000000000d1       0x2d CMakeFiles/Project_KURS.elf.dir/Core/Src/system_stm32f1xx.c.obj
 .ARM.attributes
                0x00000000000000fe       0x21 CMakeFiles/Project_KURS.elf.dir/Core/Startup/startup_stm32f103c8tx.s.obj
 .ARM.attributes
                0x000000000000011f       0x2d CMakeFiles/Project_KURS.elf.dir/Drivers/STM32F1xx_HAL_Driver/Src/stm32f1xx_hal.c.obj
 .ARM.attributes
                0x000000000000014c       0x2d CMakeFiles/Project_KURS.elf.dir/Drivers/STM32F1xx_HAL_Driver/Src/stm32f1xx_hal_cortex.c.obj
 .ARM.attributes
                0x0000000000000179       0x2d CMakeFiles/Project_KURS.elf.dir/Drivers/STM32F1xx_HAL_Driver/Src/stm32f1xx_hal_gpio.c.obj
 .ARM.attributes
                0x00000000000001a6       0x2d CMakeFiles/Project_KURS.elf.dir/Drivers/STM32F1xx_HAL_Driver/Src/stm32f1xx_hal_rcc.c.obj
 .ARM.attributes
                0x00000000000001d3       0x2d /usr/lib/gcc/arm-none-eabi/9.2.1/../../../arm-none-eabi/lib/thumb/v7-m/nofp/libg.a(lib_a-atexit.o)
 .ARM.attributes
                0x0000000000000200       0x2d /usr/lib/gcc/arm-none-eabi/9.2.1/../../../arm-none-eabi/lib/thumb/v7-m/nofp/libg.a(lib_a-fini.o)
 .ARM.attributes
                0x000000000000022d       0x2d /usr/lib/gcc/arm-none-eabi/9.2.1/../../../arm-none-eabi/lib/thumb/v7-m/nofp/libg.a(lib_a-impure.o)
 .ARM.attributes
                0x000000000000025a       0x2d /usr/lib/gcc/arm-none-eabi/9.2.1/../../../arm-none-eabi/lib/thumb/v7-m/nofp/libg.a(lib_a-init.o)
 .ARM.attributes
                0x0000000000000287       0x2d /usr/lib/gcc/arm-none-eabi/9.2.1/../../../arm-none-eabi/lib/thumb/v7-m/nofp/libg.a(lib_a-__atexit.o)
 .ARM.attributes
                0x00000000000002b4       0x2d /usr/lib/gcc/arm-none-eabi/9.2.1/../../../arm-none-eabi/lib/thumb/v7-m/nofp/libg.a(lib_a-__call_atexit.o)
 .ARM.attributes
                0x00000000000002e1       0x2d /usr/lib/gcc/arm-none-eabi/9.2.1/thumb/v7-m/nofp/crtend.o
 .ARM.attributes
                0x000000000000030e       0x1d /usr/lib/gcc/arm-none-eabi/9.2.1/thumb/v7-m/nofp/crtn.o
OUTPUT(Project_KURS.elf elf32-littlearm)
LOAD linker stubs
LOAD /usr/lib/gcc/arm-none-eabi/9.2.1/../../../arm-none-eabi/lib/thumb/v7-m/nofp/libc.a
LOAD /usr/lib/gcc/arm-none-eabi/9.2.1/../../../arm-none-eabi/lib/thumb/v7-m/nofp/libm.a
LOAD /usr/lib/gcc/arm-none-eabi/9.2.1/thumb/v7-m/nofp/libgcc.a

.comment        0x0000000000000000       0xa7
 .comment       0x0000000000000000       0x59 /usr/lib/gcc/arm-none-eabi/9.2.1/thumb/v7-m/nofp/crtbegin.o
                                         0x5a (size before relaxing)
 .comment       0x0000000000000059       0x5a CMakeFiles/Project_KURS.elf.dir/Core/Src/main.c.obj
 .comment       0x0000000000000059       0x5a CMakeFiles/Project_KURS.elf.dir/Core/Src/stm32f1xx_hal_msp.c.obj
 .comment       0x0000000000000059       0x5a CMakeFiles/Project_KURS.elf.dir/Core/Src/stm32f1xx_it.c.obj
 .comment       0x0000000000000059       0x5a CMakeFiles/Project_KURS.elf.dir/Core/Src/system_stm32f1xx.c.obj
 .comment       0x0000000000000059       0x5a CMakeFiles/Project_KURS.elf.dir/Drivers/STM32F1xx_HAL_Driver/Src/stm32f1xx_hal.c.obj
 .comment       0x0000000000000059       0x5a CMakeFiles/Project_KURS.elf.dir/Drivers/STM32F1xx_HAL_Driver/Src/stm32f1xx_hal_cortex.c.obj
 .comment       0x0000000000000059       0x5a CMakeFiles/Project_KURS.elf.dir/Drivers/STM32F1xx_HAL_Driver/Src/stm32f1xx_hal_gpio.c.obj
 .comment       0x0000000000000059       0x5a CMakeFiles/Project_KURS.elf.dir/Drivers/STM32F1xx_HAL_Driver/Src/stm32f1xx_hal_rcc.c.obj
 .comment       0x0000000000000059       0x4e /usr/lib/gcc/arm-none-eabi/9.2.1/../../../arm-none-eabi/lib/thumb/v7-m/nofp/libg.a(lib_a-atexit.o)
                                         0x4f (size before relaxing)
 .comment       0x00000000000000a7       0x4f /usr/lib/gcc/arm-none-eabi/9.2.1/../../../arm-none-eabi/lib/thumb/v7-m/nofp/libg.a(lib_a-fini.o)
 .comment       0x00000000000000a7       0x4f /usr/lib/gcc/arm-none-eabi/9.2.1/../../../arm-none-eabi/lib/thumb/v7-m/nofp/libg.a(lib_a-impure.o)
 .comment       0x00000000000000a7       0x4f /usr/lib/gcc/arm-none-eabi/9.2.1/../../../arm-none-eabi/lib/thumb/v7-m/nofp/libg.a(lib_a-init.o)
 .comment       0x00000000000000a7       0x4f /usr/lib/gcc/arm-none-eabi/9.2.1/../../../arm-none-eabi/lib/thumb/v7-m/nofp/libg.a(lib_a-__atexit.o)
 .comment       0x00000000000000a7       0x4f /usr/lib/gcc/arm-none-eabi/9.2.1/../../../arm-none-eabi/lib/thumb/v7-m/nofp/libg.a(lib_a-__call_atexit.o)
 .comment       0x00000000000000a7       0x5a /usr/lib/gcc/arm-none-eabi/9.2.1/thumb/v7-m/nofp/crtend.o

.debug_info     0x0000000000000000     0x6237
 .debug_info    0x0000000000000000      0x928 CMakeFiles/Project_KURS.elf.dir/Core/Src/main.c.obj
 .debug_info    0x0000000000000928      0x2d9 CMakeFiles/Project_KURS.elf.dir/Core/Src/stm32f1xx_hal_msp.c.obj
 .debug_info    0x0000000000000c01      0x294 CMakeFiles/Project_KURS.elf.dir/Core/Src/stm32f1xx_it.c.obj
 .debug_info    0x0000000000000e95      0x2a5 CMakeFiles/Project_KURS.elf.dir/Core/Src/system_stm32f1xx.c.obj
 .debug_info    0x000000000000113a       0x22 CMakeFiles/Project_KURS.elf.dir/Core/Startup/startup_stm32f103c8tx.s.obj
 .debug_info    0x000000000000115c      0x80d CMakeFiles/Project_KURS.elf.dir/Drivers/STM32F1xx_HAL_Driver/Src/stm32f1xx_hal.c.obj
 .debug_info    0x0000000000001969      0xe22 CMakeFiles/Project_KURS.elf.dir/Drivers/STM32F1xx_HAL_Driver/Src/stm32f1xx_hal_cortex.c.obj
 .debug_info    0x000000000000278b      0x72b CMakeFiles/Project_KURS.elf.dir/Drivers/STM32F1xx_HAL_Driver/Src/stm32f1xx_hal_gpio.c.obj
 .debug_info    0x0000000000002eb6      0xa7b CMakeFiles/Project_KURS.elf.dir/Drivers/STM32F1xx_HAL_Driver/Src/stm32f1xx_hal_rcc.c.obj
 .debug_info    0x0000000000003931      0x995 /usr/lib/gcc/arm-none-eabi/9.2.1/../../../arm-none-eabi/lib/thumb/v7-m/nofp/libg.a(lib_a-atexit.o)
 .debug_info    0x00000000000042c6      0x102 /usr/lib/gcc/arm-none-eabi/9.2.1/../../../arm-none-eabi/lib/thumb/v7-m/nofp/libg.a(lib_a-fini.o)
 .debug_info    0x00000000000043c8      0x92a /usr/lib/gcc/arm-none-eabi/9.2.1/../../../arm-none-eabi/lib/thumb/v7-m/nofp/libg.a(lib_a-impure.o)
 .debug_info    0x0000000000004cf2      0x11a /usr/lib/gcc/arm-none-eabi/9.2.1/../../../arm-none-eabi/lib/thumb/v7-m/nofp/libg.a(lib_a-init.o)
 .debug_info    0x0000000000004e0c      0x9d5 /usr/lib/gcc/arm-none-eabi/9.2.1/../../../arm-none-eabi/lib/thumb/v7-m/nofp/libg.a(lib_a-__atexit.o)
 .debug_info    0x00000000000057e1      0xa56 /usr/lib/gcc/arm-none-eabi/9.2.1/../../../arm-none-eabi/lib/thumb/v7-m/nofp/libg.a(lib_a-__call_atexit.o)

.debug_abbrev   0x0000000000000000     0x1a9b
 .debug_abbrev  0x0000000000000000      0x23b CMakeFiles/Project_KURS.elf.dir/Core/Src/main.c.obj
 .debug_abbrev  0x000000000000023b      0x12e CMakeFiles/Project_KURS.elf.dir/Core/Src/stm32f1xx_hal_msp.c.obj
 .debug_abbrev  0x0000000000000369      0x126 CMakeFiles/Project_KURS.elf.dir/Core/Src/stm32f1xx_it.c.obj
 .debug_abbrev  0x000000000000048f      0x151 CMakeFiles/Project_KURS.elf.dir/Core/Src/system_stm32f1xx.c.obj
 .debug_abbrev  0x00000000000005e0       0x12 CMakeFiles/Project_KURS.elf.dir/Core/Startup/startup_stm32f103c8tx.s.obj
 .debug_abbrev  0x00000000000005f2      0x219 CMakeFiles/Project_KURS.elf.dir/Drivers/STM32F1xx_HAL_Driver/Src/stm32f1xx_hal.c.obj
 .debug_abbrev  0x000000000000080b      0x367 CMakeFiles/Project_KURS.elf.dir/Drivers/STM32F1xx_HAL_Driver/Src/stm32f1xx_hal_cortex.c.obj
 .debug_abbrev  0x0000000000000b72      0x213 CMakeFiles/Project_KURS.elf.dir/Drivers/STM32F1xx_HAL_Driver/Src/stm32f1xx_hal_gpio.c.obj
 .debug_abbrev  0x0000000000000d85      0x28d CMakeFiles/Project_KURS.elf.dir/Drivers/STM32F1xx_HAL_Driver/Src/stm32f1xx_hal_rcc.c.obj
 .debug_abbrev  0x0000000000001012      0x232 /usr/lib/gcc/arm-none-eabi/9.2.1/../../../arm-none-eabi/lib/thumb/v7-m/nofp/libg.a(lib_a-atexit.o)
 .debug_abbrev  0x0000000000001244       0xcf /usr/lib/gcc/arm-none-eabi/9.2.1/../../../arm-none-eabi/lib/thumb/v7-m/nofp/libg.a(lib_a-fini.o)
 .debug_abbrev  0x0000000000001313      0x1b8 /usr/lib/gcc/arm-none-eabi/9.2.1/../../../arm-none-eabi/lib/thumb/v7-m/nofp/libg.a(lib_a-impure.o)
 .debug_abbrev  0x00000000000014cb       0xcc /usr/lib/gcc/arm-none-eabi/9.2.1/../../../arm-none-eabi/lib/thumb/v7-m/nofp/libg.a(lib_a-init.o)
 .debug_abbrev  0x0000000000001597      0x252 /usr/lib/gcc/arm-none-eabi/9.2.1/../../../arm-none-eabi/lib/thumb/v7-m/nofp/libg.a(lib_a-__atexit.o)
 .debug_abbrev  0x00000000000017e9      0x2b2 /usr/lib/gcc/arm-none-eabi/9.2.1/../../../arm-none-eabi/lib/thumb/v7-m/nofp/libg.a(lib_a-__call_atexit.o)

.debug_loc      0x0000000000000000     0x1821
 .debug_loc     0x0000000000000000       0x5f CMakeFiles/Project_KURS.elf.dir/Core/Src/main.c.obj
 .debug_loc     0x000000000000005f       0x15 CMakeFiles/Project_KURS.elf.dir/Core/Src/stm32f1xx_hal_msp.c.obj
 .debug_loc     0x0000000000000074       0xff CMakeFiles/Project_KURS.elf.dir/Core/Src/system_stm32f1xx.c.obj
 .debug_loc     0x0000000000000173      0x141 CMakeFiles/Project_KURS.elf.dir/Drivers/STM32F1xx_HAL_Driver/Src/stm32f1xx_hal.c.obj
 .debug_loc     0x00000000000002b4      0x71f CMakeFiles/Project_KURS.elf.dir/Drivers/STM32F1xx_HAL_Driver/Src/stm32f1xx_hal_cortex.c.obj
 .debug_loc     0x00000000000009d3      0x468 CMakeFiles/Project_KURS.elf.dir/Drivers/STM32F1xx_HAL_Driver/Src/stm32f1xx_hal_gpio.c.obj
 .debug_loc     0x0000000000000e3b      0x610 CMakeFiles/Project_KURS.elf.dir/Drivers/STM32F1xx_HAL_Driver/Src/stm32f1xx_hal_rcc.c.obj
 .debug_loc     0x000000000000144b       0x32 /usr/lib/gcc/arm-none-eabi/9.2.1/../../../arm-none-eabi/lib/thumb/v7-m/nofp/libg.a(lib_a-atexit.o)
 .debug_loc     0x000000000000147d       0x68 /usr/lib/gcc/arm-none-eabi/9.2.1/../../../arm-none-eabi/lib/thumb/v7-m/nofp/libg.a(lib_a-fini.o)
 .debug_loc     0x00000000000014e5       0xba /usr/lib/gcc/arm-none-eabi/9.2.1/../../../arm-none-eabi/lib/thumb/v7-m/nofp/libg.a(lib_a-init.o)
 .debug_loc     0x000000000000159f      0x138 /usr/lib/gcc/arm-none-eabi/9.2.1/../../../arm-none-eabi/lib/thumb/v7-m/nofp/libg.a(lib_a-__atexit.o)
 .debug_loc     0x00000000000016d7      0x14a /usr/lib/gcc/arm-none-eabi/9.2.1/../../../arm-none-eabi/lib/thumb/v7-m/nofp/libg.a(lib_a-__call_atexit.o)

.debug_aranges  0x0000000000000000      0x430
 .debug_aranges
                0x0000000000000000       0x40 CMakeFiles/Project_KURS.elf.dir/Core/Src/main.c.obj
 .debug_aranges
                0x0000000000000040       0x20 CMakeFiles/Project_KURS.elf.dir/Core/Src/stm32f1xx_hal_msp.c.obj
 .debug_aranges
                0x0000000000000060       0x68 CMakeFiles/Project_KURS.elf.dir/Core/Src/stm32f1xx_it.c.obj
 .debug_aranges
                0x00000000000000c8       0x28 CMakeFiles/Project_KURS.elf.dir/Core/Src/system_stm32f1xx.c.obj
 .debug_aranges
                0x00000000000000f0       0x28 CMakeFiles/Project_KURS.elf.dir/Core/Startup/startup_stm32f103c8tx.s.obj
 .debug_aranges
                0x0000000000000118       0xe0 CMakeFiles/Project_KURS.elf.dir/Drivers/STM32F1xx_HAL_Driver/Src/stm32f1xx_hal.c.obj
 .debug_aranges
                0x00000000000001f8       0x90 CMakeFiles/Project_KURS.elf.dir/Drivers/STM32F1xx_HAL_Driver/Src/stm32f1xx_hal_cortex.c.obj
 .debug_aranges
                0x0000000000000288       0x58 CMakeFiles/Project_KURS.elf.dir/Drivers/STM32F1xx_HAL_Driver/Src/stm32f1xx_hal_gpio.c.obj
 .debug_aranges
                0x00000000000002e0       0x90 CMakeFiles/Project_KURS.elf.dir/Drivers/STM32F1xx_HAL_Driver/Src/stm32f1xx_hal_rcc.c.obj
 .debug_aranges
                0x0000000000000370       0x20 /usr/lib/gcc/arm-none-eabi/9.2.1/../../../arm-none-eabi/lib/thumb/v7-m/nofp/libg.a(lib_a-atexit.o)
 .debug_aranges
                0x0000000000000390       0x20 /usr/lib/gcc/arm-none-eabi/9.2.1/../../../arm-none-eabi/lib/thumb/v7-m/nofp/libg.a(lib_a-fini.o)
 .debug_aranges
                0x00000000000003b0       0x18 /usr/lib/gcc/arm-none-eabi/9.2.1/../../../arm-none-eabi/lib/thumb/v7-m/nofp/libg.a(lib_a-impure.o)
 .debug_aranges
                0x00000000000003c8       0x20 /usr/lib/gcc/arm-none-eabi/9.2.1/../../../arm-none-eabi/lib/thumb/v7-m/nofp/libg.a(lib_a-init.o)
 .debug_aranges
                0x00000000000003e8       0x20 /usr/lib/gcc/arm-none-eabi/9.2.1/../../../arm-none-eabi/lib/thumb/v7-m/nofp/libg.a(lib_a-__atexit.o)
 .debug_aranges
                0x0000000000000408       0x28 /usr/lib/gcc/arm-none-eabi/9.2.1/../../../arm-none-eabi/lib/thumb/v7-m/nofp/libg.a(lib_a-__call_atexit.o)

.debug_ranges   0x0000000000000000      0x3a0
 .debug_ranges  0x0000000000000000       0x30 CMakeFiles/Project_KURS.elf.dir/Core/Src/main.c.obj
 .debug_ranges  0x0000000000000030       0x10 CMakeFiles/Project_KURS.elf.dir/Core/Src/stm32f1xx_hal_msp.c.obj
 .debug_ranges  0x0000000000000040       0x58 CMakeFiles/Project_KURS.elf.dir/Core/Src/stm32f1xx_it.c.obj
 .debug_ranges  0x0000000000000098       0x18 CMakeFiles/Project_KURS.elf.dir/Core/Src/system_stm32f1xx.c.obj
 .debug_ranges  0x00000000000000b0       0x20 CMakeFiles/Project_KURS.elf.dir/Core/Startup/startup_stm32f103c8tx.s.obj
 .debug_ranges  0x00000000000000d0       0xd0 CMakeFiles/Project_KURS.elf.dir/Drivers/STM32F1xx_HAL_Driver/Src/stm32f1xx_hal.c.obj
 .debug_ranges  0x00000000000001a0       0xe0 CMakeFiles/Project_KURS.elf.dir/Drivers/STM32F1xx_HAL_Driver/Src/stm32f1xx_hal_cortex.c.obj
 .debug_ranges  0x0000000000000280       0x48 CMakeFiles/Project_KURS.elf.dir/Drivers/STM32F1xx_HAL_Driver/Src/stm32f1xx_hal_gpio.c.obj
 .debug_ranges  0x00000000000002c8       0xa0 CMakeFiles/Project_KURS.elf.dir/Drivers/STM32F1xx_HAL_Driver/Src/stm32f1xx_hal_rcc.c.obj
 .debug_ranges  0x0000000000000368       0x38 /usr/lib/gcc/arm-none-eabi/9.2.1/../../../arm-none-eabi/lib/thumb/v7-m/nofp/libg.a(lib_a-__call_atexit.o)

.debug_line     0x0000000000000000     0x3315
 .debug_line    0x0000000000000000      0x427 CMakeFiles/Project_KURS.elf.dir/Core/Src/main.c.obj
 .debug_line    0x0000000000000427      0x1f8 CMakeFiles/Project_KURS.elf.dir/Core/Src/stm32f1xx_hal_msp.c.obj
 .debug_line    0x000000000000061f      0x2f8 CMakeFiles/Project_KURS.elf.dir/Core/Src/stm32f1xx_it.c.obj
 .debug_line    0x0000000000000917      0x2ac CMakeFiles/Project_KURS.elf.dir/Core/Src/system_stm32f1xx.c.obj
 .debug_line    0x0000000000000bc3       0xb1 CMakeFiles/Project_KURS.elf.dir/Core/Startup/startup_stm32f103c8tx.s.obj
 .debug_line    0x0000000000000c74      0x53c CMakeFiles/Project_KURS.elf.dir/Drivers/STM32F1xx_HAL_Driver/Src/stm32f1xx_hal.c.obj
 .debug_line    0x00000000000011b0      0x692 CMakeFiles/Project_KURS.elf.dir/Drivers/STM32F1xx_HAL_Driver/Src/stm32f1xx_hal_cortex.c.obj
 .debug_line    0x0000000000001842      0x63e CMakeFiles/Project_KURS.elf.dir/Drivers/STM32F1xx_HAL_Driver/Src/stm32f1xx_hal_gpio.c.obj
 .debug_line    0x0000000000001e80      0xc59 CMakeFiles/Project_KURS.elf.dir/Drivers/STM32F1xx_HAL_Driver/Src/stm32f1xx_hal_rcc.c.obj
 .debug_line    0x0000000000002ad9      0x14a /usr/lib/gcc/arm-none-eabi/9.2.1/../../../arm-none-eabi/lib/thumb/v7-m/nofp/libg.a(lib_a-atexit.o)
 .debug_line    0x0000000000002c23       0xd7 /usr/lib/gcc/arm-none-eabi/9.2.1/../../../arm-none-eabi/lib/thumb/v7-m/nofp/libg.a(lib_a-fini.o)
 .debug_line    0x0000000000002cfa       0xe3 /usr/lib/gcc/arm-none-eabi/9.2.1/../../../arm-none-eabi/lib/thumb/v7-m/nofp/libg.a(lib_a-impure.o)
 .debug_line    0x0000000000002ddd      0x114 /usr/lib/gcc/arm-none-eabi/9.2.1/../../../arm-none-eabi/lib/thumb/v7-m/nofp/libg.a(lib_a-init.o)
 .debug_line    0x0000000000002ef1      0x1e7 /usr/lib/gcc/arm-none-eabi/9.2.1/../../../arm-none-eabi/lib/thumb/v7-m/nofp/libg.a(lib_a-__atexit.o)
 .debug_line    0x00000000000030d8      0x23d /usr/lib/gcc/arm-none-eabi/9.2.1/../../../arm-none-eabi/lib/thumb/v7-m/nofp/libg.a(lib_a-__call_atexit.o)

.debug_str      0x0000000000000000     0x1c2c
 .debug_str     0x0000000000000000      0x83a CMakeFiles/Project_KURS.elf.dir/Core/Src/main.c.obj
                                        0x87b (size before relaxing)
 .debug_str     0x000000000000083a       0x84 CMakeFiles/Project_KURS.elf.dir/Core/Src/stm32f1xx_hal_msp.c.obj
                                        0x352 (size before relaxing)
 .debug_str     0x00000000000008be      0x10f CMakeFiles/Project_KURS.elf.dir/Core/Src/stm32f1xx_it.c.obj
                                        0x3a0 (size before relaxing)
 .debug_str     0x00000000000009cd       0x7c CMakeFiles/Project_KURS.elf.dir/Core/Src/system_stm32f1xx.c.obj
                                        0x349 (size before relaxing)
 .debug_str     0x0000000000000a49       0x5e CMakeFiles/Project_KURS.elf.dir/Core/Startup/startup_stm32f103c8tx.s.obj
                                         0x9d (size before relaxing)
 .debug_str     0x0000000000000aa7      0x2ad CMakeFiles/Project_KURS.elf.dir/Drivers/STM32F1xx_HAL_Driver/Src/stm32f1xx_hal.c.obj
                                        0x8c6 (size before relaxing)
 .debug_str     0x0000000000000d54      0x3d2 CMakeFiles/Project_KURS.elf.dir/Drivers/STM32F1xx_HAL_Driver/Src/stm32f1xx_hal_cortex.c.obj
                                        0x9e2 (size before relaxing)
 .debug_str     0x0000000000001126      0x10a CMakeFiles/Project_KURS.elf.dir/Drivers/STM32F1xx_HAL_Driver/Src/stm32f1xx_hal_gpio.c.obj
                                        0x528 (size before relaxing)
 .debug_str     0x0000000000001230      0x21e CMakeFiles/Project_KURS.elf.dir/Drivers/STM32F1xx_HAL_Driver/Src/stm32f1xx_hal_rcc.c.obj
                                        0x70a (size before relaxing)
 .debug_str     0x000000000000144e      0x520 /usr/lib/gcc/arm-none-eabi/9.2.1/../../../arm-none-eabi/lib/thumb/v7-m/nofp/libg.a(lib_a-atexit.o)
                                        0x5e3 (size before relaxing)
 .debug_str     0x000000000000196e       0xc4 /usr/lib/gcc/arm-none-eabi/9.2.1/../../../arm-none-eabi/lib/thumb/v7-m/nofp/libg.a(lib_a-fini.o)
                                        0x1f2 (size before relaxing)
 .debug_str     0x0000000000001a32       0x97 /usr/lib/gcc/arm-none-eabi/9.2.1/../../../arm-none-eabi/lib/thumb/v7-m/nofp/libg.a(lib_a-impure.o)
                                        0x598 (size before relaxing)
 .debug_str     0x0000000000001ac9       0x96 /usr/lib/gcc/arm-none-eabi/9.2.1/../../../arm-none-eabi/lib/thumb/v7-m/nofp/libg.a(lib_a-init.o)
                                        0x21c (size before relaxing)
 .debug_str     0x0000000000001b5f       0x54 /usr/lib/gcc/arm-none-eabi/9.2.1/../../../arm-none-eabi/lib/thumb/v7-m/nofp/libg.a(lib_a-__atexit.o)
                                        0x601 (size before relaxing)
 .debug_str     0x0000000000001bb3       0x79 /usr/lib/gcc/arm-none-eabi/9.2.1/../../../arm-none-eabi/lib/thumb/v7-m/nofp/libg.a(lib_a-__call_atexit.o)
                                        0x614 (size before relaxing)

.debug_frame    0x0000000000000000      0x824
 .debug_frame   0x0000000000000000       0x94 CMakeFiles/Project_KURS.elf.dir/Core/Src/main.c.obj
 .debug_frame   0x0000000000000094       0x28 CMakeFiles/Project_KURS.elf.dir/Core/Src/stm32f1xx_hal_msp.c.obj
 .debug_frame   0x00000000000000bc       0xc0 CMakeFiles/Project_KURS.elf.dir/Core/Src/stm32f1xx_it.c.obj
 .debug_frame   0x000000000000017c       0x30 CMakeFiles/Project_KURS.elf.dir/Core/Src/system_stm32f1xx.c.obj
 .debug_frame   0x00000000000001ac      0x1cc CMakeFiles/Project_KURS.elf.dir/Drivers/STM32F1xx_HAL_Driver/Src/stm32f1xx_hal.c.obj
 .debug_frame   0x0000000000000378      0x12c CMakeFiles/Project_KURS.elf.dir/Drivers/STM32F1xx_HAL_Driver/Src/stm32f1xx_hal_cortex.c.obj
 .debug_frame   0x00000000000004a4       0xe8 CMakeFiles/Project_KURS.elf.dir/Drivers/STM32F1xx_HAL_Driver/Src/stm32f1xx_hal_gpio.c.obj
 .debug_frame   0x000000000000058c      0x190 CMakeFiles/Project_KURS.elf.dir/Drivers/STM32F1xx_HAL_Driver/Src/stm32f1xx_hal_rcc.c.obj
 .debug_frame   0x000000000000071c       0x20 /usr/lib/gcc/arm-none-eabi/9.2.1/../../../arm-none-eabi/lib/thumb/v7-m/nofp/libg.a(lib_a-atexit.o)
 .debug_frame   0x000000000000073c       0x34 /usr/lib/gcc/arm-none-eabi/9.2.1/../../../arm-none-eabi/lib/thumb/v7-m/nofp/libg.a(lib_a-fini.o)
 .debug_frame   0x0000000000000770       0x2c /usr/lib/gcc/arm-none-eabi/9.2.1/../../../arm-none-eabi/lib/thumb/v7-m/nofp/libg.a(lib_a-init.o)
 .debug_frame   0x000000000000079c       0x38 /usr/lib/gcc/arm-none-eabi/9.2.1/../../../arm-none-eabi/lib/thumb/v7-m/nofp/libg.a(lib_a-__atexit.o)
 .debug_frame   0x00000000000007d4       0x50 /usr/lib/gcc/arm-none-eabi/9.2.1/../../../arm-none-eabi/lib/thumb/v7-m/nofp/libg.a(lib_a-__call_atexit.o)
